------------------------------------------------------------
Timing Analyzer Summary
------------------------------------------------------------

Type  : Slow 1100mV 85C Model Setup 'clk'
Slack : -7.492
TNS   : -1257.657

Type  : Slow 1100mV 85C Model Hold 'clk'
Slack : 0.256
TNS   : 0.000

Type  : Slow 1100mV 85C Model Minimum Pulse Width 'clk'
Slack : -2.636
TNS   : -1003.496

Type  : Slow 1100mV 0C Model Setup 'clk'
Slack : -7.418
TNS   : -1227.513

Type  : Slow 1100mV 0C Model Hold 'clk'
Slack : 0.148
TNS   : 0.000

Type  : Slow 1100mV 0C Model Minimum Pulse Width 'clk'
Slack : -2.636
TNS   : -1013.335

Type  : Fast 1100mV 85C Model Setup 'clk'
Slack : -4.099
TNS   : -639.826

Type  : Fast 1100mV 85C Model Hold 'clk'
Slack : 0.157
TNS   : 0.000

Type  : Fast 1100mV 85C Model Minimum Pulse Width 'clk'
Slack : -2.636
TNS   : -818.621

Type  : Fast 1100mV 0C Model Setup 'clk'
Slack : -3.704
TNS   : -563.235

Type  : Fast 1100mV 0C Model Hold 'clk'
Slack : 0.092
TNS   : 0.000

Type  : Fast 1100mV 0C Model Minimum Pulse Width 'clk'
Slack : -2.636
TNS   : -819.288

------------------------------------------------------------
